    ____________________________________________________________
     Hello! I'm Duck
     What can I do for you?
    ____________________________________________________________

    ____________________________________________________________
     Bye. Hope to see you again soon!
    ____________________________________________________________

